ERC report (2026-08-15T08:47:46, Encoding UTF8)
Report includes: Errors, Warnings, Exclusions

***** Sheet /
[power_pin_not_driven]: Input Power pin not driven by any Output Power pins
    ; error
    @(5350 mils, 2800 mils): Symbol #PWR04 Pin 1 [Power input, Line]
[isolated_pin_label]: Label connected to only one pin
    ; warning
    @(4850 mils, 2100 mils): Label 'IOREF'
[isolated_pin_label]: Label connected to only one pin
    ; warning
    @(4850 mils, 2200 mils): Label '~{RESET}'
[isolated_pin_label]: Label connected to only one pin
    ; warning
    @(4950 mils, 3100 mils): Label 'A0'
[isolated_pin_label]: Label connected to only one pin
    ; warning
    @(4950 mils, 3200 mils): Label 'A1'
[isolated_pin_label]: Label connected to only one pin
    ; warning
    @(4950 mils, 3300 mils): Label 'A2'
[isolated_pin_label]: Label connected to only one pin
    ; warning
    @(4950 mils, 3400 mils): Label 'A3'
[multiple_net_names]: Both VCC and Vin are attached to the same items; VCC will be used in the netlist
    ; warning
    @(5150 mils, 1800 mils): Symbol #PWR01 Pin 1 [Power input, Line]
    @(5150 mils, 1800 mils): Label 'Vin'
[isolated_pin_label]: Label connected to only one pin
    ; warning
    @(7050 mils, 2000 mils): Label 'AREF'
[isolated_pin_label]: Label connected to only one pin
    ; warning
    @(7050 mils, 2200 mils): Label '13'
[isolated_pin_label]: Label connected to only one pin
    ; warning
    @(7050 mils, 2300 mils): Label '12'
[isolated_pin_label]: Label connected to only one pin
    ; warning
    @(7050 mils, 2400 mils): Label '*11'
[isolated_pin_label]: Label connected to only one pin
    ; warning
    @(7050 mils, 2500 mils): Label '*10'
[isolated_pin_label]: Label connected to only one pin
    ; warning
    @(7050 mils, 2600 mils): Label '*9'
[isolated_pin_label]: Label connected to only one pin
    ; warning
    @(7050 mils, 2700 mils): Label '8'
[isolated_pin_label]: Label connected to only one pin
    ; warning
    @(7050 mils, 3600 mils): Label '2'
[isolated_pin_label]: Label connected to only one pin
    ; warning
    @(7050 mils, 3700 mils): Label 'TX/1'
[isolated_pin_label]: Label connected to only one pin
    ; warning
    @(7050 mils, 3800 mils): Label 'RX/0'

 ** ERC messages: 18  Errors 1  Warnings 17

 ** Ignored checks:
    - Global label only appears once in the schematic
    - Four connection points are joined together
    - Assigned footprint doesn't match footprint filters
